// Jest Snapshot v1, https://goo.gl/fbAQLP

exports[`Given medicine object with medicineName,dose and unit gives all in "p" tag and wrapped around with "div" tag 1`] = `
<div
  className="medicineDetails"
  onClick={undefined}
>
  <p>
    Paracetmol
  </p>
  <p>
    2	table
  </p>
</div>
`;
