// Jest Snapshot v1, https://goo.gl/fbAQLP

exports[`Should have time of given schedule 1`] = `
<div
  className="schedule"
>
  <p>
    2:30
  </p>
   
</div>
`;
